eï¿½ets Jun  8 2016 00:22:57

rst:0x1 (POWERON_RESET),boot:0x13 (SPI_FAST_FLASH_BOOT)
configsip: 0, SPIWP:0xee
clk_drv:0x00,q_drv:0x00,d_drv:0x00,cs0_drv:0x00,hd_drv:0x00,wp_drv:0x00
mode:DIO, clock div:2
load:0x3fff0030,len:7172
load:0x40078000,len:15540
load:0x40080400,len:4
ho 8 tail 4 room 4
load:0x40080404,len:3904
entry 0x40080640
[0;32mI (30) boot: ESP-IDF v5.2.1-dirty 2nd stage bootloader[0m
[0;32mI (31) boot: compile time Apr 17 2024 22:07:48[0m
[0;32mI (31) boot: Multicore bootloader[0m
[0;32mI (35) boot: chip revision: v1.0[0m
[0;32mI (39) boot.esp32: SPI Speed      : 40MHz[0m
[0;32mI (44) boot.esp32: SPI Mode       : DIO[0m
[0;32mI (48) boot.esp32: SPI Flash Size : 2MB[0m
[0;32mI (53) boot: Enabling RNG early entropy source...[0m
[0;32mI (58) boot: Partition Table:[0m
[0;32mI (62) boot: ## Label            Usage          Type ST Offset   Length[0m
[0;32mI (69) boot:  0 nvs              WiFi data        01 02 00009000 00006000[0m
[0;32mI (76) boot:  1 phy_init         RF data          01 01 0000f000 00001000[0m
[0;32mI (84) boot:  2 factory          factory app      00 00 00010000 00100000[0m
[0;32mI (91) boot: End of partition table[0m
[0;32mI (96) esp_image: segment 0: paddr=00010020 vaddr=3f400020 size=095e4h ( 38372) map[0m
[0;32mI (117) esp_image: segment 1: paddr=0001960c vaddr=3ffb0000 size=0220ch (  8716) load[0m
[0;32mI (121) esp_image: segment 2: paddr=0001b820 vaddr=40080000 size=047f8h ( 18424) load[0m
[0;32mI (130) esp_image: segment 3: paddr=00020020 vaddr=400d0020 size=13954h ( 80212) map[0m
[0;32mI (159) esp_image: segment 4: paddr=0003397c vaddr=400847f8 size=07f24h ( 32548) load[0m
[0;32mI (178) boot: Loaded app from partition at offset 0x10000[0m
[0;32mI (179) boot: Disabling RNG early entropy source...[0m
[0;32mI (190) cpu_start: Multicore app[0m
[0;32mI (199) cpu_start: Pro cpu start user code[0m
[0;32mI (199) cpu_start: cpu freq: 160000000 Hz[0m
[0;32mI (199) cpu_start: Application information:[0m
[0;32mI (202) cpu_start: Project name:     crypto[0m
[0;32mI (207) cpu_start: App version:      bf61e84-dirty[0m
[0;32mI (212) cpu_start: Compile time:     Apr 17 2024 22:25:48[0m
[0;32mI (218) cpu_start: ELF file SHA256:  b1e80a3b9...[0m
[0;32mI (224) cpu_start: ESP-IDF:          v5.2.1-dirty[0m
[0;32mI (229) cpu_start: Min chip rev:     v0.0[0m
[0;32mI (234) cpu_start: Max chip rev:     v3.99 [0m
[0;32mI (239) cpu_start: Chip rev:         v1.0[0m
[0;32mI (244) heap_init: Initializing. RAM available for dynamic allocation:[0m
[0;32mI (251) heap_init: At 3FFAE6E0 len 00001920 (6 KiB): DRAM[0m
[0;32mI (257) heap_init: At 3FFB3180 len 0002CE80 (179 KiB): DRAM[0m
[0;32mI (263) heap_init: At 3FFE0440 len 00003AE0 (14 KiB): D/IRAM[0m
[0;32mI (269) heap_init: At 3FFE4350 len 0001BCB0 (111 KiB): D/IRAM[0m
[0;32mI (276) heap_init: At 4008C71C len 000138E4 (78 KiB): IRAM[0m
[0;32mI (283) spi_flash: detected chip: generic[0m
[0;32mI (286) spi_flash: flash io: dio[0m
[0;33mW (290) spi_flash: Detected size(4096k) larger than the size in the binary image header(2048k). Using the size in the binary image header.[0m
[0;32mI (304) main_task: Started on CPU0[0m
[0;32mI (314) main_task: Calling app_main()[0m

Performance Tests:
AES-128 Encrypting ... 0.112852 us/B, 8.861198 MB/s
AES-128 Decrypting ... 0.125352 us/B, 7.977563 MB/s

AES-192 Encrypting ... 0.119688 us/B, 8.355091 MB/s
AES-192 Decrypting ... 0.133086 us/B, 7.513942 MB/s

AES-256 Encrypting ... 0.125117 us/B, 7.992507 MB/s
AES-256 Decrypting ... 0.138516 us/B, 7.219402 MB/s

[0;32mI (334) main_task: Returned from app_main()[0m
